// Jest Snapshot v1, https://goo.gl/fbAQLP

exports[`renders home page should match the snapshot 1`] = `
<DocumentFragment>
  <div
    class="home"
  >
    <header>
      <button
        class="home__score"
      >
        <span>
          ?
        </span>
         You got 0/9
      </button>
    </header>
    <main>
      <h1
        class="home__question"
      >
        Find Spanish word for 
        <span>
          man
        </span>
      </h1>
      <div
        class="keypad"
        style="--grid: 8;"
      >
        <button
          class="key"
          data-testid="key"
        >
          i
        </button>
        <button
          class="key"
          data-testid="key"
        >
          q
        </button>
        <button
          class="key"
          data-testid="key"
        >
          í
        </button>
        <button
          class="key"
          data-testid="key"
        >
          l
        </button>
        <button
          class="key"
          data-testid="key"
        >
          n
        </button>
        <button
          class="key"
          data-testid="key"
        >
          n
        </button>
        <button
          class="key"
          data-testid="key"
        >
          m
        </button>
        <button
          class="key"
          data-testid="key"
        >
          ó
        </button>
        <button
          class="key"
          data-testid="key"
        >
          f
        </button>
        <button
          class="key"
          data-testid="key"
        >
          t
        </button>
        <button
          class="key"
          data-testid="key"
        >
          v
        </button>
        <button
          class="key"
          data-testid="key"
        >
          ñ
        </button>
        <button
          class="key"
          data-testid="key"
        >
          b
        </button>
        <button
          class="key"
          data-testid="key"
        >
          m
        </button>
        <button
          class="key"
          data-testid="key"
        >
          h
        </button>
        <button
          class="key"
          data-testid="key"
        >
          a
        </button>
        <button
          class="key"
          data-testid="key"
        >
          h
        </button>
        <button
          class="key"
          data-testid="key"
        >
          j
        </button>
        <button
          class="key"
          data-testid="key"
        >
          é
        </button>
        <button
          class="key"
          data-testid="key"
        >
          t
        </button>
        <button
          class="key"
          data-testid="key"
        >
          e
        </button>
        <button
          class="key"
          data-testid="key"
        >
          t
        </button>
        <button
          class="key"
          data-testid="key"
        >
          o
        </button>
        <button
          class="key"
          data-testid="key"
        >
          z
        </button>
        <button
          class="key"
          data-testid="key"
        >
          x
        </button>
        <button
          class="key"
          data-testid="key"
        >
          á
        </button>
        <button
          class="key"
          data-testid="key"
        >
          o
        </button>
        <button
          class="key"
          data-testid="key"
        >
          i
        </button>
        <button
          class="key"
          data-testid="key"
        >
          e
        </button>
        <button
          class="key"
          data-testid="key"
        >
          ñ
        </button>
        <button
          class="key"
          data-testid="key"
        >
          m
        </button>
        <button
          class="key"
          data-testid="key"
        >
          é
        </button>
        <button
          class="key"
          data-testid="key"
        >
          q
        </button>
        <button
          class="key"
          data-testid="key"
        >
          é
        </button>
        <button
          class="key"
          data-testid="key"
        >
          i
        </button>
        <button
          class="key"
          data-testid="key"
        >
          ó
        </button>
        <button
          class="key"
          data-testid="key"
        >
          q
        </button>
        <button
          class="key"
          data-testid="key"
        >
          s
        </button>
        <button
          class="key"
          data-testid="key"
        >
          b
        </button>
        <button
          class="key"
          data-testid="key"
        >
          s
        </button>
        <button
          class="key"
          data-testid="key"
        >
          c
        </button>
        <button
          class="key"
          data-testid="key"
        >
          u
        </button>
        <button
          class="key"
          data-testid="key"
        >
          m
        </button>
        <button
          class="key"
          data-testid="key"
        >
          y
        </button>
        <button
          class="key"
          data-testid="key"
        >
          v
        </button>
        <button
          class="key"
          data-testid="key"
        >
          l
        </button>
        <button
          class="key"
          data-testid="key"
        >
          r
        </button>
        <button
          class="key"
          data-testid="key"
        >
          x
        </button>
        <button
          class="key"
          data-testid="key"
        >
          ü
        </button>
        <button
          class="key"
          data-testid="key"
        >
          í
        </button>
        <button
          class="key"
          data-testid="key"
        >
          ó
        </button>
        <button
          class="key"
          data-testid="key"
        >
          m
        </button>
        <button
          class="key"
          data-testid="key"
        >
          o
        </button>
        <button
          class="key"
          data-testid="key"
        >
          t
        </button>
        <button
          class="key"
          data-testid="key"
        >
          e
        </button>
        <button
          class="key"
          data-testid="key"
        >
          k
        </button>
        <button
          class="key"
          data-testid="key"
        >
          a
        </button>
        <button
          class="key"
          data-testid="key"
        >
          g
        </button>
        <button
          class="key"
          data-testid="key"
        >
          r
        </button>
        <button
          class="key"
          data-testid="key"
        >
          n
        </button>
        <button
          class="key"
          data-testid="key"
        >
          n
        </button>
        <button
          class="key"
          data-testid="key"
        >
          ó
        </button>
        <button
          class="key"
          data-testid="key"
        >
          s
        </button>
        <button
          class="key"
          data-testid="key"
        >
          m
        </button>
      </div>
      <div
        class="home__actions"
      >
        <button
          class="button"
          data-testid="button"
        >
          Skip ⟶
        </button>
      </div>
    </main>
  </div>
</DocumentFragment>
`;
