// Jest Snapshot v1, https://goo.gl/fbAQLP

exports[`renders home page feature, question should match the snapshot 1`] = `
<DocumentFragment>
  <h1
    class="home__question"
  >
    What are 3 Spanish words for 
    <span
      class="shuffle"
    >
      do
    </span>
  </h1>
</DocumentFragment>
`;
