// Jest Snapshot v1, https://goo.gl/fbAQLP

exports[`renders home page feature / splash should match the snapshot 1`] = `
<DocumentFragment>
  <div
    class="splash"
  >
    <div
      class="clip"
    >
      <h1>
        Loading... 
        <strong>
          Loading...
        </strong>
         
        <em>
          Loading...
        </em>
      </h1>
      <p>
        Loading... 
        <strong>
          Loading...
        </strong>
         
        <em>
          Loading...
        </em>
      </p>
    </div>
  </div>
</DocumentFragment>
`;
